// Jest Snapshot v1, https://goo.gl/fbAQLP

exports[`snapshot test TestApp Stack's Snapshot test 1`] = `
Object {
  "Outputs": Object {
    "helloApigatewayEndpoint72D9EB4E": Object {
      "Value": Object {
        "Fn::Join": Array [
          "",
          Array [
            "https://",
            Object {
              "Ref": "helloApigatewayD1490B0F",
            },
            ".execute-api.",
            Object {
              "Ref": "AWS::Region",
            },
            ".",
            Object {
              "Ref": "AWS::URLSuffix",
            },
            "/",
            Object {
              "Ref": "helloApigatewayDeploymentStageprod7A3EC8D8",
            },
            "/",
          ],
        ],
      },
    },
  },
  "Parameters": Object {
    "BootstrapVersion": Object {
      "Default": "/cdk-bootstrap/hnb659fds/version",
      "Description": "Version of the CDK Bootstrap resources in this environment, automatically retrieved from SSM Parameter Store. [cdk:skip]",
      "Type": "AWS::SSM::Parameter::Value<String>",
    },
  },
  "Resources": Object {
    "AcceptTest7B7FF621": Object {
      "DependsOn": Array [
        "AcceptTestServiceRole0D4E0F1C",
      ],
      "Properties": Object {
        "Code": Object {
          "S3Bucket": Object {
            "Fn::Sub": "cdk-hnb659fds-assets-\${AWS::AccountId}-\${AWS::Region}",
          },
          "S3Key": "d8b0f9a98bed9b82e720ee0b88391580b4a12342c184406d7cd4688770b95da4.zip",
        },
        "Environment": Object {
          "Variables": Object {
            "AWS_NODEJS_CONNECTION_REUSE_ENABLED": "1",
          },
        },
        "Handler": "index.lambdaHandler",
        "MemorySize": 128,
        "Role": Object {
          "Fn::GetAtt": Array [
            "AcceptTestServiceRole0D4E0F1C",
            "Arn",
          ],
        },
        "Runtime": "nodejs16.x",
        "Timeout": 30,
      },
      "Type": "AWS::Lambda::Function",
    },
    "AcceptTestServiceRole0D4E0F1C": Object {
      "Properties": Object {
        "AssumeRolePolicyDocument": Object {
          "Statement": Array [
            Object {
              "Action": "sts:AssumeRole",
              "Effect": "Allow",
              "Principal": Object {
                "Service": "lambda.amazonaws.com",
              },
            },
          ],
          "Version": "2012-10-17",
        },
        "ManagedPolicyArns": Array [
          Object {
            "Fn::Join": Array [
              "",
              Array [
                "arn:",
                Object {
                  "Ref": "AWS::Partition",
                },
                ":iam::aws:policy/service-role/AWSLambdaBasicExecutionRole",
              ],
            ],
          },
        ],
      },
      "Type": "AWS::IAM::Role",
    },
    "ColorAuthorizerD6B973DF": Object {
      "Properties": Object {
        "AuthorizerUri": Object {
          "Fn::Join": Array [
            "",
            Array [
              "arn:",
              Object {
                "Fn::Select": Array [
                  1,
                  Object {
                    "Fn::Split": Array [
                      ":",
                      Object {
                        "Fn::GetAtt": Array [
                          "ColorAuthorizerLambda324ACEC8",
                          "Arn",
                        ],
                      },
                    ],
                  },
                ],
              },
              ":apigateway:",
              Object {
                "Fn::Select": Array [
                  3,
                  Object {
                    "Fn::Split": Array [
                      ":",
                      Object {
                        "Fn::GetAtt": Array [
                          "ColorAuthorizerLambda324ACEC8",
                          "Arn",
                        ],
                      },
                    ],
                  },
                ],
              },
              ":lambda:path/2015-03-31/functions/",
              Object {
                "Fn::GetAtt": Array [
                  "ColorAuthorizerLambda324ACEC8",
                  "Arn",
                ],
              },
              "/invocations",
            ],
          ],
        },
        "IdentitySource": "method.request.header.Authorization",
        "Name": "TestAppStackColorAuthorizer71FDF26F",
        "RestApiId": Object {
          "Ref": "helloApigatewayD1490B0F",
        },
        "Type": "TOKEN",
      },
      "Type": "AWS::ApiGateway::Authorizer",
    },
    "ColorAuthorizerLambda324ACEC8": Object {
      "DependsOn": Array [
        "ReadSSMParamLambdaRole2C496AC9",
      ],
      "Properties": Object {
        "Code": Object {
          "S3Bucket": Object {
            "Fn::Sub": "cdk-hnb659fds-assets-\${AWS::AccountId}-\${AWS::Region}",
          },
          "S3Key": "152d82139f2d6d36e927a0f737ef8da58ef4836add31b24419bca003f35c1f8a.zip",
        },
        "Environment": Object {
          "Variables": Object {
            "AWS_NODEJS_CONNECTION_REUSE_ENABLED": "1",
          },
        },
        "Handler": "index.lambdaHandler",
        "Role": Object {
          "Fn::GetAtt": Array [
            "ReadSSMParamLambdaRole2C496AC9",
            "Arn",
          ],
        },
        "Runtime": "nodejs16.x",
        "Timeout": 20,
      },
      "Type": "AWS::Lambda::Function",
    },
    "ColorAuthorizerLambdaTestAppStackColorAuthorizer71FDF26FPermissions6414D824": Object {
      "Properties": Object {
        "Action": "lambda:InvokeFunction",
        "FunctionName": Object {
          "Fn::GetAtt": Array [
            "ColorAuthorizerLambda324ACEC8",
            "Arn",
          ],
        },
        "Principal": "apigateway.amazonaws.com",
        "SourceArn": Object {
          "Fn::Join": Array [
            "",
            Array [
              "arn:",
              Object {
                "Ref": "AWS::Partition",
              },
              ":execute-api:",
              Object {
                "Ref": "AWS::Region",
              },
              ":",
              Object {
                "Ref": "AWS::AccountId",
              },
              ":",
              Object {
                "Ref": "helloApigatewayD1490B0F",
              },
              "/authorizers/",
              Object {
                "Ref": "ColorAuthorizerD6B973DF",
              },
            ],
          ],
        },
      },
      "Type": "AWS::Lambda::Permission",
    },
    "DeniedTestFA70CDD5": Object {
      "DependsOn": Array [
        "DeniedTestServiceRoleB416408F",
      ],
      "Properties": Object {
        "Code": Object {
          "S3Bucket": Object {
            "Fn::Sub": "cdk-hnb659fds-assets-\${AWS::AccountId}-\${AWS::Region}",
          },
          "S3Key": "26553e840f36522c76356f5a3a3ba63e89aa56843e5c4b6f4f42795e3bc3fdcb.zip",
        },
        "Environment": Object {
          "Variables": Object {
            "AWS_NODEJS_CONNECTION_REUSE_ENABLED": "1",
          },
        },
        "Handler": "index.lambdaHandler",
        "MemorySize": 128,
        "Role": Object {
          "Fn::GetAtt": Array [
            "DeniedTestServiceRoleB416408F",
            "Arn",
          ],
        },
        "Runtime": "nodejs16.x",
        "Timeout": 30,
      },
      "Type": "AWS::Lambda::Function",
    },
    "DeniedTestServiceRoleB416408F": Object {
      "Properties": Object {
        "AssumeRolePolicyDocument": Object {
          "Statement": Array [
            Object {
              "Action": "sts:AssumeRole",
              "Effect": "Allow",
              "Principal": Object {
                "Service": "lambda.amazonaws.com",
              },
            },
          ],
          "Version": "2012-10-17",
        },
        "ManagedPolicyArns": Array [
          Object {
            "Fn::Join": Array [
              "",
              Array [
                "arn:",
                Object {
                  "Ref": "AWS::Partition",
                },
                ":iam::aws:policy/service-role/AWSLambdaBasicExecutionRole",
              ],
            ],
          },
        ],
      },
      "Type": "AWS::IAM::Role",
    },
    "FruitsAuthorizer4E8A27AA": Object {
      "Properties": Object {
        "AuthorizerUri": Object {
          "Fn::Join": Array [
            "",
            Array [
              "arn:",
              Object {
                "Fn::Select": Array [
                  1,
                  Object {
                    "Fn::Split": Array [
                      ":",
                      Object {
                        "Fn::GetAtt": Array [
                          "FruitsAuthorizerLambdaAB18D47B",
                          "Arn",
                        ],
                      },
                    ],
                  },
                ],
              },
              ":apigateway:",
              Object {
                "Fn::Select": Array [
                  3,
                  Object {
                    "Fn::Split": Array [
                      ":",
                      Object {
                        "Fn::GetAtt": Array [
                          "FruitsAuthorizerLambdaAB18D47B",
                          "Arn",
                        ],
                      },
                    ],
                  },
                ],
              },
              ":lambda:path/2015-03-31/functions/",
              Object {
                "Fn::GetAtt": Array [
                  "FruitsAuthorizerLambdaAB18D47B",
                  "Arn",
                ],
              },
              "/invocations",
            ],
          ],
        },
        "IdentitySource": "method.request.header.Authorization",
        "Name": "TestAppStackFruitsAuthorizer4EB4EB77",
        "RestApiId": Object {
          "Ref": "helloApigatewayD1490B0F",
        },
        "Type": "TOKEN",
      },
      "Type": "AWS::ApiGateway::Authorizer",
    },
    "FruitsAuthorizerLambdaAB18D47B": Object {
      "DependsOn": Array [
        "ReadSSMParamLambdaRole2C496AC9",
      ],
      "Properties": Object {
        "Code": Object {
          "S3Bucket": Object {
            "Fn::Sub": "cdk-hnb659fds-assets-\${AWS::AccountId}-\${AWS::Region}",
          },
          "S3Key": "55e72e9dfb747986a02ee4ae7b356bce358f57f45b00c1aebfd3bddb50f06779.zip",
        },
        "Environment": Object {
          "Variables": Object {
            "AWS_NODEJS_CONNECTION_REUSE_ENABLED": "1",
          },
        },
        "Handler": "index.lambdaHandler",
        "Role": Object {
          "Fn::GetAtt": Array [
            "ReadSSMParamLambdaRole2C496AC9",
            "Arn",
          ],
        },
        "Runtime": "nodejs16.x",
        "Timeout": 20,
      },
      "Type": "AWS::Lambda::Function",
    },
    "FruitsAuthorizerLambdaTestAppStackFruitsAuthorizer4EB4EB77Permissions4DBAA83E": Object {
      "Properties": Object {
        "Action": "lambda:InvokeFunction",
        "FunctionName": Object {
          "Fn::GetAtt": Array [
            "FruitsAuthorizerLambdaAB18D47B",
            "Arn",
          ],
        },
        "Principal": "apigateway.amazonaws.com",
        "SourceArn": Object {
          "Fn::Join": Array [
            "",
            Array [
              "arn:",
              Object {
                "Ref": "AWS::Partition",
              },
              ":execute-api:",
              Object {
                "Ref": "AWS::Region",
              },
              ":",
              Object {
                "Ref": "AWS::AccountId",
              },
              ":",
              Object {
                "Ref": "helloApigatewayD1490B0F",
              },
              "/authorizers/",
              Object {
                "Ref": "FruitsAuthorizer4E8A27AA",
              },
            ],
          ],
        },
      },
      "Type": "AWS::Lambda::Permission",
    },
    "Hello4A628BD4": Object {
      "DependsOn": Array [
        "HelloServiceRole1E55EA16",
      ],
      "Properties": Object {
        "Code": Object {
          "S3Bucket": Object {
            "Fn::Sub": "cdk-hnb659fds-assets-\${AWS::AccountId}-\${AWS::Region}",
          },
          "S3Key": "e63f2a8e1bb43ba92cb61ad75e2eb81040744cb19cf4f7a8119b0de1103e837d.zip",
        },
        "Environment": Object {
          "Variables": Object {
            "AWS_NODEJS_CONNECTION_REUSE_ENABLED": "1",
          },
        },
        "Handler": "index.lambdaHandler",
        "MemorySize": 128,
        "Role": Object {
          "Fn::GetAtt": Array [
            "HelloServiceRole1E55EA16",
            "Arn",
          ],
        },
        "Runtime": "nodejs16.x",
        "Timeout": 30,
      },
      "Type": "AWS::Lambda::Function",
    },
    "HelloServiceRole1E55EA16": Object {
      "Properties": Object {
        "AssumeRolePolicyDocument": Object {
          "Statement": Array [
            Object {
              "Action": "sts:AssumeRole",
              "Effect": "Allow",
              "Principal": Object {
                "Service": "lambda.amazonaws.com",
              },
            },
          ],
          "Version": "2012-10-17",
        },
        "ManagedPolicyArns": Array [
          Object {
            "Fn::Join": Array [
              "",
              Array [
                "arn:",
                Object {
                  "Ref": "AWS::Partition",
                },
                ":iam::aws:policy/service-role/AWSLambdaBasicExecutionRole",
              ],
            ],
          },
        ],
      },
      "Type": "AWS::IAM::Role",
    },
    "PoolD3F588B8": Object {
      "DeletionPolicy": "Retain",
      "Properties": Object {
        "AccountRecoverySetting": Object {
          "RecoveryMechanisms": Array [
            Object {
              "Name": "verified_phone_number",
              "Priority": 1,
            },
            Object {
              "Name": "verified_email",
              "Priority": 2,
            },
          ],
        },
        "AdminCreateUserConfig": Object {
          "AllowAdminCreateUserOnly": true,
        },
        "EmailVerificationMessage": "The verification code to your new account is {####}",
        "EmailVerificationSubject": "Verify your new account",
        "LambdaConfig": Object {
          "PreTokenGeneration": Object {
            "Fn::GetAtt": Array [
              "preTokenGenerationLambda1F130400",
              "Arn",
            ],
          },
        },
        "SmsVerificationMessage": "The verification code to your new account is {####}",
        "VerificationMessageTemplate": Object {
          "DefaultEmailOption": "CONFIRM_WITH_CODE",
          "EmailMessage": "The verification code to your new account is {####}",
          "EmailSubject": "Verify your new account",
          "SmsMessage": "The verification code to your new account is {####}",
        },
      },
      "Type": "AWS::Cognito::UserPool",
      "UpdateReplacePolicy": "Retain",
    },
    "Poolappclient2D3B8A6A": Object {
      "Properties": Object {
        "AllowedOAuthFlows": Array [
          "code",
        ],
        "AllowedOAuthFlowsUserPoolClient": true,
        "AllowedOAuthScopes": Array [
          "openid",
        ],
        "CallbackURLs": Array [
          "https://example.com",
        ],
        "ExplicitAuthFlows": Array [
          "ALLOW_ADMIN_USER_PASSWORD_AUTH",
          "ALLOW_REFRESH_TOKEN_AUTH",
        ],
        "GenerateSecret": false,
        "RefreshTokenValidity": 720,
        "SupportedIdentityProviders": Array [
          "COGNITO",
        ],
        "TokenValidityUnits": Object {
          "RefreshToken": "minutes",
        },
        "UserPoolId": Object {
          "Ref": "PoolD3F588B8",
        },
      },
      "Type": "AWS::Cognito::UserPoolClient",
    },
    "ReadSSMParamLambdaRole2C496AC9": Object {
      "Properties": Object {
        "AssumeRolePolicyDocument": Object {
          "Statement": Array [
            Object {
              "Action": "sts:AssumeRole",
              "Effect": "Allow",
              "Principal": Object {
                "Service": "lambda.amazonaws.com",
              },
            },
          ],
          "Version": "2012-10-17",
        },
        "Description": "Role for Lambda reading param from ssm",
        "ManagedPolicyArns": Array [
          Object {
            "Fn::Join": Array [
              "",
              Array [
                "arn:",
                Object {
                  "Ref": "AWS::Partition",
                },
                ":iam::aws:policy/service-role/AWSLambdaBasicExecutionRole",
              ],
            ],
          },
          Object {
            "Fn::Join": Array [
              "",
              Array [
                "arn:",
                Object {
                  "Ref": "AWS::Partition",
                },
                ":iam::aws:policy/AmazonSSMReadOnlyAccess",
              ],
            ],
          },
        ],
      },
      "Type": "AWS::IAM::Role",
    },
    "cognitoAuthorizer9878DCCA": Object {
      "Properties": Object {
        "IdentitySource": "method.request.header.Authorization",
        "Name": "CognitoAuthorizer",
        "ProviderARNs": Array [
          Object {
            "Fn::GetAtt": Array [
              "PoolD3F588B8",
              "Arn",
            ],
          },
        ],
        "RestApiId": Object {
          "Ref": "helloApigatewayD1490B0F",
        },
        "Type": "COGNITO_USER_POOLS",
      },
      "Type": "AWS::ApiGateway::Authorizer",
    },
    "helloApigatewayAccountD0841D91": Object {
      "DependsOn": Array [
        "helloApigatewayD1490B0F",
      ],
      "Properties": Object {
        "CloudWatchRoleArn": Object {
          "Fn::GetAtt": Array [
            "helloApigatewayCloudWatchRole4D45C3C0",
            "Arn",
          ],
        },
      },
      "Type": "AWS::ApiGateway::Account",
    },
    "helloApigatewayCloudWatchRole4D45C3C0": Object {
      "Properties": Object {
        "AssumeRolePolicyDocument": Object {
          "Statement": Array [
            Object {
              "Action": "sts:AssumeRole",
              "Effect": "Allow",
              "Principal": Object {
                "Service": "apigateway.amazonaws.com",
              },
            },
          ],
          "Version": "2012-10-17",
        },
        "ManagedPolicyArns": Array [
          Object {
            "Fn::Join": Array [
              "",
              Array [
                "arn:",
                Object {
                  "Ref": "AWS::Partition",
                },
                ":iam::aws:policy/service-role/AmazonAPIGatewayPushToCloudWatchLogs",
              ],
            ],
          },
        ],
      },
      "Type": "AWS::IAM::Role",
    },
    "helloApigatewayD1490B0F": Object {
      "Properties": Object {
        "Name": "testapp-apigateway",
      },
      "Type": "AWS::ApiGateway::RestApi",
    },
    "helloApigatewayDeploymentCD355D6316b8df9369c1de87f61c8ccce03cbb5a": Object {
      "DependsOn": Array [
        "helloApigatewayhelloGET66EA629E",
        "helloApigatewayhello91568F63",
        "helloApigatewaylambdaauthorizertesthelloacceptGET5FC2734D",
        "helloApigatewaylambdaauthorizertesthelloaccept11EFC59F",
        "helloApigatewaylambdaauthorizertesthellodeniedGETDA1B6445",
        "helloApigatewaylambdaauthorizertesthellodenied2026FC11",
        "helloApigatewaylambdaauthorizertestB48C19FB",
      ],
      "Properties": Object {
        "Description": "Automatically created by the RestApi construct",
        "RestApiId": Object {
          "Ref": "helloApigatewayD1490B0F",
        },
      },
      "Type": "AWS::ApiGateway::Deployment",
    },
    "helloApigatewayDeploymentStageprod7A3EC8D8": Object {
      "DependsOn": Array [
        "helloApigatewayAccountD0841D91",
      ],
      "Properties": Object {
        "DeploymentId": Object {
          "Ref": "helloApigatewayDeploymentCD355D6316b8df9369c1de87f61c8ccce03cbb5a",
        },
        "RestApiId": Object {
          "Ref": "helloApigatewayD1490B0F",
        },
        "StageName": "prod",
      },
      "Type": "AWS::ApiGateway::Stage",
    },
    "helloApigatewayhello91568F63": Object {
      "Properties": Object {
        "ParentId": Object {
          "Fn::GetAtt": Array [
            "helloApigatewayD1490B0F",
            "RootResourceId",
          ],
        },
        "PathPart": "hello",
        "RestApiId": Object {
          "Ref": "helloApigatewayD1490B0F",
        },
      },
      "Type": "AWS::ApiGateway::Resource",
    },
    "helloApigatewayhelloGET66EA629E": Object {
      "Properties": Object {
        "AuthorizationType": "COGNITO_USER_POOLS",
        "AuthorizerId": Object {
          "Ref": "cognitoAuthorizer9878DCCA",
        },
        "HttpMethod": "GET",
        "Integration": Object {
          "IntegrationHttpMethod": "POST",
          "Type": "AWS_PROXY",
          "Uri": Object {
            "Fn::Join": Array [
              "",
              Array [
                "arn:",
                Object {
                  "Ref": "AWS::Partition",
                },
                ":apigateway:",
                Object {
                  "Ref": "AWS::Region",
                },
                ":lambda:path/2015-03-31/functions/",
                Object {
                  "Fn::GetAtt": Array [
                    "Hello4A628BD4",
                    "Arn",
                  ],
                },
                "/invocations",
              ],
            ],
          },
        },
        "ResourceId": Object {
          "Ref": "helloApigatewayhello91568F63",
        },
        "RestApiId": Object {
          "Ref": "helloApigatewayD1490B0F",
        },
      },
      "Type": "AWS::ApiGateway::Method",
    },
    "helloApigatewayhelloGETApiPermissionTestAppStackhelloApigateway472B4703GEThello15154D55": Object {
      "Properties": Object {
        "Action": "lambda:InvokeFunction",
        "FunctionName": Object {
          "Fn::GetAtt": Array [
            "Hello4A628BD4",
            "Arn",
          ],
        },
        "Principal": "apigateway.amazonaws.com",
        "SourceArn": Object {
          "Fn::Join": Array [
            "",
            Array [
              "arn:",
              Object {
                "Ref": "AWS::Partition",
              },
              ":execute-api:",
              Object {
                "Ref": "AWS::Region",
              },
              ":",
              Object {
                "Ref": "AWS::AccountId",
              },
              ":",
              Object {
                "Ref": "helloApigatewayD1490B0F",
              },
              "/",
              Object {
                "Ref": "helloApigatewayDeploymentStageprod7A3EC8D8",
              },
              "/GET/hello",
            ],
          ],
        },
      },
      "Type": "AWS::Lambda::Permission",
    },
    "helloApigatewayhelloGETApiPermissionTestTestAppStackhelloApigateway472B4703GEThello0AE7E200": Object {
      "Properties": Object {
        "Action": "lambda:InvokeFunction",
        "FunctionName": Object {
          "Fn::GetAtt": Array [
            "Hello4A628BD4",
            "Arn",
          ],
        },
        "Principal": "apigateway.amazonaws.com",
        "SourceArn": Object {
          "Fn::Join": Array [
            "",
            Array [
              "arn:",
              Object {
                "Ref": "AWS::Partition",
              },
              ":execute-api:",
              Object {
                "Ref": "AWS::Region",
              },
              ":",
              Object {
                "Ref": "AWS::AccountId",
              },
              ":",
              Object {
                "Ref": "helloApigatewayD1490B0F",
              },
              "/test-invoke-stage/GET/hello",
            ],
          ],
        },
      },
      "Type": "AWS::Lambda::Permission",
    },
    "helloApigatewaylambdaauthorizertestB48C19FB": Object {
      "Properties": Object {
        "ParentId": Object {
          "Fn::GetAtt": Array [
            "helloApigatewayD1490B0F",
            "RootResourceId",
          ],
        },
        "PathPart": "lambda-authorizer-test",
        "RestApiId": Object {
          "Ref": "helloApigatewayD1490B0F",
        },
      },
      "Type": "AWS::ApiGateway::Resource",
    },
    "helloApigatewaylambdaauthorizertesthelloaccept11EFC59F": Object {
      "Properties": Object {
        "ParentId": Object {
          "Ref": "helloApigatewaylambdaauthorizertestB48C19FB",
        },
        "PathPart": "hello-accept",
        "RestApiId": Object {
          "Ref": "helloApigatewayD1490B0F",
        },
      },
      "Type": "AWS::ApiGateway::Resource",
    },
    "helloApigatewaylambdaauthorizertesthelloacceptGET5FC2734D": Object {
      "Properties": Object {
        "AuthorizationType": "CUSTOM",
        "AuthorizerId": Object {
          "Ref": "ColorAuthorizerD6B973DF",
        },
        "HttpMethod": "GET",
        "Integration": Object {
          "IntegrationHttpMethod": "POST",
          "Type": "AWS_PROXY",
          "Uri": Object {
            "Fn::Join": Array [
              "",
              Array [
                "arn:",
                Object {
                  "Ref": "AWS::Partition",
                },
                ":apigateway:",
                Object {
                  "Ref": "AWS::Region",
                },
                ":lambda:path/2015-03-31/functions/",
                Object {
                  "Fn::GetAtt": Array [
                    "AcceptTest7B7FF621",
                    "Arn",
                  ],
                },
                "/invocations",
              ],
            ],
          },
        },
        "ResourceId": Object {
          "Ref": "helloApigatewaylambdaauthorizertesthelloaccept11EFC59F",
        },
        "RestApiId": Object {
          "Ref": "helloApigatewayD1490B0F",
        },
      },
      "Type": "AWS::ApiGateway::Method",
    },
    "helloApigatewaylambdaauthorizertesthelloacceptGETApiPermissionTestAppStackhelloApigateway472B4703GETlambdaauthorizertesthelloaccept3C948C2F": Object {
      "Properties": Object {
        "Action": "lambda:InvokeFunction",
        "FunctionName": Object {
          "Fn::GetAtt": Array [
            "AcceptTest7B7FF621",
            "Arn",
          ],
        },
        "Principal": "apigateway.amazonaws.com",
        "SourceArn": Object {
          "Fn::Join": Array [
            "",
            Array [
              "arn:",
              Object {
                "Ref": "AWS::Partition",
              },
              ":execute-api:",
              Object {
                "Ref": "AWS::Region",
              },
              ":",
              Object {
                "Ref": "AWS::AccountId",
              },
              ":",
              Object {
                "Ref": "helloApigatewayD1490B0F",
              },
              "/",
              Object {
                "Ref": "helloApigatewayDeploymentStageprod7A3EC8D8",
              },
              "/GET/lambda-authorizer-test/hello-accept",
            ],
          ],
        },
      },
      "Type": "AWS::Lambda::Permission",
    },
    "helloApigatewaylambdaauthorizertesthelloacceptGETApiPermissionTestTestAppStackhelloApigateway472B4703GETlambdaauthorizertesthelloaccept91B13977": Object {
      "Properties": Object {
        "Action": "lambda:InvokeFunction",
        "FunctionName": Object {
          "Fn::GetAtt": Array [
            "AcceptTest7B7FF621",
            "Arn",
          ],
        },
        "Principal": "apigateway.amazonaws.com",
        "SourceArn": Object {
          "Fn::Join": Array [
            "",
            Array [
              "arn:",
              Object {
                "Ref": "AWS::Partition",
              },
              ":execute-api:",
              Object {
                "Ref": "AWS::Region",
              },
              ":",
              Object {
                "Ref": "AWS::AccountId",
              },
              ":",
              Object {
                "Ref": "helloApigatewayD1490B0F",
              },
              "/test-invoke-stage/GET/lambda-authorizer-test/hello-accept",
            ],
          ],
        },
      },
      "Type": "AWS::Lambda::Permission",
    },
    "helloApigatewaylambdaauthorizertesthellodenied2026FC11": Object {
      "Properties": Object {
        "ParentId": Object {
          "Ref": "helloApigatewaylambdaauthorizertestB48C19FB",
        },
        "PathPart": "hello-denied",
        "RestApiId": Object {
          "Ref": "helloApigatewayD1490B0F",
        },
      },
      "Type": "AWS::ApiGateway::Resource",
    },
    "helloApigatewaylambdaauthorizertesthellodeniedGETApiPermissionTestAppStackhelloApigateway472B4703GETlambdaauthorizertesthellodenied978585D5": Object {
      "Properties": Object {
        "Action": "lambda:InvokeFunction",
        "FunctionName": Object {
          "Fn::GetAtt": Array [
            "DeniedTestFA70CDD5",
            "Arn",
          ],
        },
        "Principal": "apigateway.amazonaws.com",
        "SourceArn": Object {
          "Fn::Join": Array [
            "",
            Array [
              "arn:",
              Object {
                "Ref": "AWS::Partition",
              },
              ":execute-api:",
              Object {
                "Ref": "AWS::Region",
              },
              ":",
              Object {
                "Ref": "AWS::AccountId",
              },
              ":",
              Object {
                "Ref": "helloApigatewayD1490B0F",
              },
              "/",
              Object {
                "Ref": "helloApigatewayDeploymentStageprod7A3EC8D8",
              },
              "/GET/lambda-authorizer-test/hello-denied",
            ],
          ],
        },
      },
      "Type": "AWS::Lambda::Permission",
    },
    "helloApigatewaylambdaauthorizertesthellodeniedGETApiPermissionTestTestAppStackhelloApigateway472B4703GETlambdaauthorizertesthellodeniedF8AEF0BB": Object {
      "Properties": Object {
        "Action": "lambda:InvokeFunction",
        "FunctionName": Object {
          "Fn::GetAtt": Array [
            "DeniedTestFA70CDD5",
            "Arn",
          ],
        },
        "Principal": "apigateway.amazonaws.com",
        "SourceArn": Object {
          "Fn::Join": Array [
            "",
            Array [
              "arn:",
              Object {
                "Ref": "AWS::Partition",
              },
              ":execute-api:",
              Object {
                "Ref": "AWS::Region",
              },
              ":",
              Object {
                "Ref": "AWS::AccountId",
              },
              ":",
              Object {
                "Ref": "helloApigatewayD1490B0F",
              },
              "/test-invoke-stage/GET/lambda-authorizer-test/hello-denied",
            ],
          ],
        },
      },
      "Type": "AWS::Lambda::Permission",
    },
    "helloApigatewaylambdaauthorizertesthellodeniedGETDA1B6445": Object {
      "Properties": Object {
        "AuthorizationType": "CUSTOM",
        "AuthorizerId": Object {
          "Ref": "FruitsAuthorizer4E8A27AA",
        },
        "HttpMethod": "GET",
        "Integration": Object {
          "IntegrationHttpMethod": "POST",
          "Type": "AWS_PROXY",
          "Uri": Object {
            "Fn::Join": Array [
              "",
              Array [
                "arn:",
                Object {
                  "Ref": "AWS::Partition",
                },
                ":apigateway:",
                Object {
                  "Ref": "AWS::Region",
                },
                ":lambda:path/2015-03-31/functions/",
                Object {
                  "Fn::GetAtt": Array [
                    "DeniedTestFA70CDD5",
                    "Arn",
                  ],
                },
                "/invocations",
              ],
            ],
          },
        },
        "ResourceId": Object {
          "Ref": "helloApigatewaylambdaauthorizertesthellodenied2026FC11",
        },
        "RestApiId": Object {
          "Ref": "helloApigatewayD1490B0F",
        },
      },
      "Type": "AWS::ApiGateway::Method",
    },
    "preTokenGenerationLambda1F130400": Object {
      "DependsOn": Array [
        "preTokenGenerationLambdaServiceRole0C3B4FA0",
      ],
      "Properties": Object {
        "Code": Object {
          "S3Bucket": Object {
            "Fn::Sub": "cdk-hnb659fds-assets-\${AWS::AccountId}-\${AWS::Region}",
          },
          "S3Key": "7441449058ee072c3a5000666bbceb586ed04b6bcaf2d54cf66a06e95232a013.zip",
        },
        "Environment": Object {
          "Variables": Object {
            "AWS_NODEJS_CONNECTION_REUSE_ENABLED": "1",
          },
        },
        "Handler": "index.lambdaHandler",
        "Role": Object {
          "Fn::GetAtt": Array [
            "preTokenGenerationLambdaServiceRole0C3B4FA0",
            "Arn",
          ],
        },
        "Runtime": "nodejs16.x",
      },
      "Type": "AWS::Lambda::Function",
    },
    "preTokenGenerationLambdaPreTokenGenerationCognitoB0148D6A": Object {
      "Properties": Object {
        "Action": "lambda:InvokeFunction",
        "FunctionName": Object {
          "Fn::GetAtt": Array [
            "preTokenGenerationLambda1F130400",
            "Arn",
          ],
        },
        "Principal": "cognito-idp.amazonaws.com",
        "SourceArn": Object {
          "Fn::GetAtt": Array [
            "PoolD3F588B8",
            "Arn",
          ],
        },
      },
      "Type": "AWS::Lambda::Permission",
    },
    "preTokenGenerationLambdaServiceRole0C3B4FA0": Object {
      "Properties": Object {
        "AssumeRolePolicyDocument": Object {
          "Statement": Array [
            Object {
              "Action": "sts:AssumeRole",
              "Effect": "Allow",
              "Principal": Object {
                "Service": "lambda.amazonaws.com",
              },
            },
          ],
          "Version": "2012-10-17",
        },
        "ManagedPolicyArns": Array [
          Object {
            "Fn::Join": Array [
              "",
              Array [
                "arn:",
                Object {
                  "Ref": "AWS::Partition",
                },
                ":iam::aws:policy/service-role/AWSLambdaBasicExecutionRole",
              ],
            ],
          },
        ],
      },
      "Type": "AWS::IAM::Role",
    },
  },
  "Rules": Object {
    "CheckBootstrapVersion": Object {
      "Assertions": Array [
        Object {
          "Assert": Object {
            "Fn::Not": Array [
              Object {
                "Fn::Contains": Array [
                  Array [
                    "1",
                    "2",
                    "3",
                    "4",
                    "5",
                  ],
                  Object {
                    "Ref": "BootstrapVersion",
                  },
                ],
              },
            ],
          },
          "AssertDescription": "CDK bootstrap stack version 6 required. Please run 'cdk bootstrap' with a recent version of the CDK CLI.",
        },
      ],
    },
  },
}
`;
