// Jest Snapshot v1, https://goo.gl/fbAQLP

exports[`snapshot test TestApp Stack's Snapshot test 1`] = `
Object {
  "Outputs": Object {
    "helloApigatewayEndpoint72D9EB4E": Object {
      "Value": Object {
        "Fn::Join": Array [
          "",
          Array [
            "https://",
            Object {
              "Ref": "helloApigatewayD1490B0F",
            },
            ".execute-api.",
            Object {
              "Ref": "AWS::Region",
            },
            ".",
            Object {
              "Ref": "AWS::URLSuffix",
            },
            "/",
            Object {
              "Ref": "helloApigatewayDeploymentStageprod7A3EC8D8",
            },
            "/",
          ],
        ],
      },
    },
  },
  "Parameters": Object {
    "BootstrapVersion": Object {
      "Default": "/cdk-bootstrap/hnb659fds/version",
      "Description": "Version of the CDK Bootstrap resources in this environment, automatically retrieved from SSM Parameter Store. [cdk:skip]",
      "Type": "AWS::SSM::Parameter::Value<String>",
    },
  },
  "Resources": Object {
    "Hello4A628BD4": Object {
      "DependsOn": Array [
        "iamRoleForLambdaD6E2D9BB",
      ],
      "Properties": Object {
        "Code": Object {
          "S3Bucket": Object {
            "Fn::Sub": "cdk-hnb659fds-assets-\${AWS::AccountId}-\${AWS::Region}",
          },
          "S3Key": "d0d9d30a0fc8a09a2ffab71857c7e38ba85c055d4a64e95f8bf1ff880beec5b2.zip",
        },
        "Environment": Object {
          "Variables": Object {
            "AWS_NODEJS_CONNECTION_REUSE_ENABLED": "1",
          },
        },
        "Handler": "index.lambdaHandler",
        "MemorySize": 128,
        "Role": Object {
          "Fn::GetAtt": Array [
            "iamRoleForLambdaD6E2D9BB",
            "Arn",
          ],
        },
        "Runtime": "nodejs16.x",
        "Timeout": 30,
      },
      "Type": "AWS::Lambda::Function",
    },
    "PoolCognitoDomainC3A3EAD2": Object {
      "Properties": Object {
        "Domain": "super-ultra-hyper-extreme-temporary-app",
        "UserPoolId": Object {
          "Ref": "PoolD3F588B8",
        },
      },
      "Type": "AWS::Cognito::UserPoolDomain",
    },
    "PoolD3F588B8": Object {
      "DeletionPolicy": "Retain",
      "Properties": Object {
        "AccountRecoverySetting": Object {
          "RecoveryMechanisms": Array [
            Object {
              "Name": "verified_phone_number",
              "Priority": 1,
            },
            Object {
              "Name": "verified_email",
              "Priority": 2,
            },
          ],
        },
        "AdminCreateUserConfig": Object {
          "AllowAdminCreateUserOnly": true,
        },
        "EmailVerificationMessage": "The verification code to your new account is {####}",
        "EmailVerificationSubject": "Verify your new account",
        "LambdaConfig": Object {
          "PreTokenGeneration": Object {
            "Fn::GetAtt": Array [
              "preTokenGenerationLambda1F130400",
              "Arn",
            ],
          },
        },
        "SmsVerificationMessage": "The verification code to your new account is {####}",
        "VerificationMessageTemplate": Object {
          "DefaultEmailOption": "CONFIRM_WITH_CODE",
          "EmailMessage": "The verification code to your new account is {####}",
          "EmailSubject": "Verify your new account",
          "SmsMessage": "The verification code to your new account is {####}",
        },
      },
      "Type": "AWS::Cognito::UserPool",
      "UpdateReplacePolicy": "Retain",
    },
    "Poolappclient2D3B8A6A": Object {
      "Properties": Object {
        "AllowedOAuthFlows": Array [
          "code",
        ],
        "AllowedOAuthFlowsUserPoolClient": true,
        "AllowedOAuthScopes": Array [
          "openid",
        ],
        "CallbackURLs": Array [
          "http://localhost:3000/api/auth/callback/cognito",
        ],
        "ExplicitAuthFlows": Array [
          "ALLOW_ADMIN_USER_PASSWORD_AUTH",
          "ALLOW_REFRESH_TOKEN_AUTH",
        ],
        "GenerateSecret": true,
        "RefreshTokenValidity": 720,
        "SupportedIdentityProviders": Array [
          "COGNITO",
        ],
        "TokenValidityUnits": Object {
          "RefreshToken": "minutes",
        },
        "UserPoolId": Object {
          "Ref": "PoolD3F588B8",
        },
      },
      "Type": "AWS::Cognito::UserPoolClient",
    },
    "helloApigatewayAccountD0841D91": Object {
      "DependsOn": Array [
        "helloApigatewayD1490B0F",
      ],
      "Properties": Object {
        "CloudWatchRoleArn": Object {
          "Fn::GetAtt": Array [
            "helloApigatewayCloudWatchRole4D45C3C0",
            "Arn",
          ],
        },
      },
      "Type": "AWS::ApiGateway::Account",
    },
    "helloApigatewayCloudWatchRole4D45C3C0": Object {
      "Properties": Object {
        "AssumeRolePolicyDocument": Object {
          "Statement": Array [
            Object {
              "Action": "sts:AssumeRole",
              "Effect": "Allow",
              "Principal": Object {
                "Service": "apigateway.amazonaws.com",
              },
            },
          ],
          "Version": "2012-10-17",
        },
        "ManagedPolicyArns": Array [
          Object {
            "Fn::Join": Array [
              "",
              Array [
                "arn:",
                Object {
                  "Ref": "AWS::Partition",
                },
                ":iam::aws:policy/service-role/AmazonAPIGatewayPushToCloudWatchLogs",
              ],
            ],
          },
        ],
      },
      "Type": "AWS::IAM::Role",
    },
    "helloApigatewayD1490B0F": Object {
      "Properties": Object {
        "Name": "testapp-apigateway",
      },
      "Type": "AWS::ApiGateway::RestApi",
    },
    "helloApigatewayDeploymentCD355D634394bb436ff07aef215b88048cc5e785": Object {
      "DependsOn": Array [
        "helloApigatewayhelloGET66EA629E",
        "helloApigatewayhello91568F63",
      ],
      "Properties": Object {
        "Description": "Automatically created by the RestApi construct",
        "RestApiId": Object {
          "Ref": "helloApigatewayD1490B0F",
        },
      },
      "Type": "AWS::ApiGateway::Deployment",
    },
    "helloApigatewayDeploymentStageprod7A3EC8D8": Object {
      "DependsOn": Array [
        "helloApigatewayAccountD0841D91",
      ],
      "Properties": Object {
        "DeploymentId": Object {
          "Ref": "helloApigatewayDeploymentCD355D634394bb436ff07aef215b88048cc5e785",
        },
        "RestApiId": Object {
          "Ref": "helloApigatewayD1490B0F",
        },
        "StageName": "prod",
      },
      "Type": "AWS::ApiGateway::Stage",
    },
    "helloApigatewayhello91568F63": Object {
      "Properties": Object {
        "ParentId": Object {
          "Fn::GetAtt": Array [
            "helloApigatewayD1490B0F",
            "RootResourceId",
          ],
        },
        "PathPart": "hello",
        "RestApiId": Object {
          "Ref": "helloApigatewayD1490B0F",
        },
      },
      "Type": "AWS::ApiGateway::Resource",
    },
    "helloApigatewayhelloGET66EA629E": Object {
      "Properties": Object {
        "AuthorizationType": "NONE",
        "HttpMethod": "GET",
        "Integration": Object {
          "IntegrationHttpMethod": "POST",
          "Type": "AWS_PROXY",
          "Uri": Object {
            "Fn::Join": Array [
              "",
              Array [
                "arn:",
                Object {
                  "Ref": "AWS::Partition",
                },
                ":apigateway:",
                Object {
                  "Ref": "AWS::Region",
                },
                ":lambda:path/2015-03-31/functions/",
                Object {
                  "Fn::GetAtt": Array [
                    "Hello4A628BD4",
                    "Arn",
                  ],
                },
                "/invocations",
              ],
            ],
          },
        },
        "ResourceId": Object {
          "Ref": "helloApigatewayhello91568F63",
        },
        "RestApiId": Object {
          "Ref": "helloApigatewayD1490B0F",
        },
      },
      "Type": "AWS::ApiGateway::Method",
    },
    "helloApigatewayhelloGETApiPermissionTestAppStackhelloApigateway472B4703GEThello15154D55": Object {
      "Properties": Object {
        "Action": "lambda:InvokeFunction",
        "FunctionName": Object {
          "Fn::GetAtt": Array [
            "Hello4A628BD4",
            "Arn",
          ],
        },
        "Principal": "apigateway.amazonaws.com",
        "SourceArn": Object {
          "Fn::Join": Array [
            "",
            Array [
              "arn:",
              Object {
                "Ref": "AWS::Partition",
              },
              ":execute-api:",
              Object {
                "Ref": "AWS::Region",
              },
              ":",
              Object {
                "Ref": "AWS::AccountId",
              },
              ":",
              Object {
                "Ref": "helloApigatewayD1490B0F",
              },
              "/",
              Object {
                "Ref": "helloApigatewayDeploymentStageprod7A3EC8D8",
              },
              "/GET/hello",
            ],
          ],
        },
      },
      "Type": "AWS::Lambda::Permission",
    },
    "helloApigatewayhelloGETApiPermissionTestTestAppStackhelloApigateway472B4703GEThello0AE7E200": Object {
      "Properties": Object {
        "Action": "lambda:InvokeFunction",
        "FunctionName": Object {
          "Fn::GetAtt": Array [
            "Hello4A628BD4",
            "Arn",
          ],
        },
        "Principal": "apigateway.amazonaws.com",
        "SourceArn": Object {
          "Fn::Join": Array [
            "",
            Array [
              "arn:",
              Object {
                "Ref": "AWS::Partition",
              },
              ":execute-api:",
              Object {
                "Ref": "AWS::Region",
              },
              ":",
              Object {
                "Ref": "AWS::AccountId",
              },
              ":",
              Object {
                "Ref": "helloApigatewayD1490B0F",
              },
              "/test-invoke-stage/GET/hello",
            ],
          ],
        },
      },
      "Type": "AWS::Lambda::Permission",
    },
    "iamRoleForLambdaD6E2D9BB": Object {
      "Properties": Object {
        "AssumeRolePolicyDocument": Object {
          "Statement": Array [
            Object {
              "Action": "sts:AssumeRole",
              "Effect": "Allow",
              "Principal": Object {
                "Service": "lambda.amazonaws.com",
              },
            },
          ],
          "Version": "2012-10-17",
        },
        "ManagedPolicyArns": Array [
          Object {
            "Fn::Join": Array [
              "",
              Array [
                "arn:",
                Object {
                  "Ref": "AWS::Partition",
                },
                ":iam::aws:policy/service-role/AWSLambdaBasicExecutionRole",
              ],
            ],
          },
        ],
        "RoleName": "hello-lambda-role",
      },
      "Type": "AWS::IAM::Role",
    },
    "preTokenGenerationLambda1F130400": Object {
      "DependsOn": Array [
        "preTokenGenerationLambdaServiceRole0C3B4FA0",
      ],
      "Properties": Object {
        "Code": Object {
          "S3Bucket": Object {
            "Fn::Sub": "cdk-hnb659fds-assets-\${AWS::AccountId}-\${AWS::Region}",
          },
          "S3Key": "a7be855f0aa7f8abe4a378fb16c3a14b0a1800ea6800434bdf9afab7fe6838cc.zip",
        },
        "Environment": Object {
          "Variables": Object {
            "AWS_NODEJS_CONNECTION_REUSE_ENABLED": "1",
          },
        },
        "Handler": "index.lambdaHandler",
        "Role": Object {
          "Fn::GetAtt": Array [
            "preTokenGenerationLambdaServiceRole0C3B4FA0",
            "Arn",
          ],
        },
        "Runtime": "nodejs16.x",
      },
      "Type": "AWS::Lambda::Function",
    },
    "preTokenGenerationLambdaPreTokenGenerationCognitoB0148D6A": Object {
      "Properties": Object {
        "Action": "lambda:InvokeFunction",
        "FunctionName": Object {
          "Fn::GetAtt": Array [
            "preTokenGenerationLambda1F130400",
            "Arn",
          ],
        },
        "Principal": "cognito-idp.amazonaws.com",
        "SourceArn": Object {
          "Fn::GetAtt": Array [
            "PoolD3F588B8",
            "Arn",
          ],
        },
      },
      "Type": "AWS::Lambda::Permission",
    },
    "preTokenGenerationLambdaServiceRole0C3B4FA0": Object {
      "Properties": Object {
        "AssumeRolePolicyDocument": Object {
          "Statement": Array [
            Object {
              "Action": "sts:AssumeRole",
              "Effect": "Allow",
              "Principal": Object {
                "Service": "lambda.amazonaws.com",
              },
            },
          ],
          "Version": "2012-10-17",
        },
        "ManagedPolicyArns": Array [
          Object {
            "Fn::Join": Array [
              "",
              Array [
                "arn:",
                Object {
                  "Ref": "AWS::Partition",
                },
                ":iam::aws:policy/service-role/AWSLambdaBasicExecutionRole",
              ],
            ],
          },
        ],
      },
      "Type": "AWS::IAM::Role",
    },
  },
  "Rules": Object {
    "CheckBootstrapVersion": Object {
      "Assertions": Array [
        Object {
          "Assert": Object {
            "Fn::Not": Array [
              Object {
                "Fn::Contains": Array [
                  Array [
                    "1",
                    "2",
                    "3",
                    "4",
                    "5",
                  ],
                  Object {
                    "Ref": "BootstrapVersion",
                  },
                ],
              },
            ],
          },
          "AssertDescription": "CDK bootstrap stack version 6 required. Please run 'cdk bootstrap' with a recent version of the CDK CLI.",
        },
      ],
    },
  },
}
`;
