// Jest Snapshot v1, https://goo.gl/fbAQLP

exports[`snapshot test TestApp Stack's Snapshot test 1`] = `
Object {
  "Parameters": Object {
    "BootstrapVersion": Object {
      "Default": "/cdk-bootstrap/hnb659fds/version",
      "Description": "Version of the CDK Bootstrap resources in this environment, automatically retrieved from SSM Parameter Store. [cdk:skip]",
      "Type": "AWS::SSM::Parameter::Value<String>",
    },
  },
  "Resources": Object {
    "PoolD3F588B8": Object {
      "DeletionPolicy": "Retain",
      "Properties": Object {
        "AccountRecoverySetting": Object {
          "RecoveryMechanisms": Array [
            Object {
              "Name": "verified_phone_number",
              "Priority": 1,
            },
            Object {
              "Name": "verified_email",
              "Priority": 2,
            },
          ],
        },
        "AdminCreateUserConfig": Object {
          "AllowAdminCreateUserOnly": true,
        },
        "EmailVerificationMessage": "The verification code to your new account is {####}",
        "EmailVerificationSubject": "Verify your new account",
        "LambdaConfig": Object {
          "PreTokenGeneration": Object {
            "Fn::GetAtt": Array [
              "preTokenGenerationLambda1F130400",
              "Arn",
            ],
          },
        },
        "SmsVerificationMessage": "The verification code to your new account is {####}",
        "VerificationMessageTemplate": Object {
          "DefaultEmailOption": "CONFIRM_WITH_CODE",
          "EmailMessage": "The verification code to your new account is {####}",
          "EmailSubject": "Verify your new account",
          "SmsMessage": "The verification code to your new account is {####}",
        },
      },
      "Type": "AWS::Cognito::UserPool",
      "UpdateReplacePolicy": "Retain",
    },
    "Poolappclient2D3B8A6A": Object {
      "Properties": Object {
        "AllowedOAuthFlows": Array [
          "code",
        ],
        "AllowedOAuthFlowsUserPoolClient": true,
        "AllowedOAuthScopes": Array [
          "openid",
        ],
        "CallbackURLs": Array [
          "https://example.com",
        ],
        "ExplicitAuthFlows": Array [
          "ALLOW_ADMIN_USER_PASSWORD_AUTH",
          "ALLOW_REFRESH_TOKEN_AUTH",
        ],
        "GenerateSecret": false,
        "RefreshTokenValidity": 720,
        "SupportedIdentityProviders": Array [
          "COGNITO",
        ],
        "TokenValidityUnits": Object {
          "RefreshToken": "minutes",
        },
        "UserPoolId": Object {
          "Ref": "PoolD3F588B8",
        },
      },
      "Type": "AWS::Cognito::UserPoolClient",
    },
    "preTokenGenerationLambda1F130400": Object {
      "DependsOn": Array [
        "preTokenGenerationLambdaServiceRole0C3B4FA0",
      ],
      "Properties": Object {
        "Code": Object {
          "S3Bucket": Object {
            "Fn::Sub": "cdk-hnb659fds-assets-\${AWS::AccountId}-\${AWS::Region}",
          },
          "S3Key": "a7be855f0aa7f8abe4a378fb16c3a14b0a1800ea6800434bdf9afab7fe6838cc.zip",
        },
        "Environment": Object {
          "Variables": Object {
            "AWS_NODEJS_CONNECTION_REUSE_ENABLED": "1",
          },
        },
        "Handler": "index.lambdaHandler",
        "Role": Object {
          "Fn::GetAtt": Array [
            "preTokenGenerationLambdaServiceRole0C3B4FA0",
            "Arn",
          ],
        },
        "Runtime": "nodejs16.x",
      },
      "Type": "AWS::Lambda::Function",
    },
    "preTokenGenerationLambdaPreTokenGenerationCognitoB0148D6A": Object {
      "Properties": Object {
        "Action": "lambda:InvokeFunction",
        "FunctionName": Object {
          "Fn::GetAtt": Array [
            "preTokenGenerationLambda1F130400",
            "Arn",
          ],
        },
        "Principal": "cognito-idp.amazonaws.com",
        "SourceArn": Object {
          "Fn::GetAtt": Array [
            "PoolD3F588B8",
            "Arn",
          ],
        },
      },
      "Type": "AWS::Lambda::Permission",
    },
    "preTokenGenerationLambdaServiceRole0C3B4FA0": Object {
      "Properties": Object {
        "AssumeRolePolicyDocument": Object {
          "Statement": Array [
            Object {
              "Action": "sts:AssumeRole",
              "Effect": "Allow",
              "Principal": Object {
                "Service": "lambda.amazonaws.com",
              },
            },
          ],
          "Version": "2012-10-17",
        },
        "ManagedPolicyArns": Array [
          Object {
            "Fn::Join": Array [
              "",
              Array [
                "arn:",
                Object {
                  "Ref": "AWS::Partition",
                },
                ":iam::aws:policy/service-role/AWSLambdaBasicExecutionRole",
              ],
            ],
          },
        ],
      },
      "Type": "AWS::IAM::Role",
    },
  },
  "Rules": Object {
    "CheckBootstrapVersion": Object {
      "Assertions": Array [
        Object {
          "Assert": Object {
            "Fn::Not": Array [
              Object {
                "Fn::Contains": Array [
                  Array [
                    "1",
                    "2",
                    "3",
                    "4",
                    "5",
                  ],
                  Object {
                    "Ref": "BootstrapVersion",
                  },
                ],
              },
            ],
          },
          "AssertDescription": "CDK bootstrap stack version 6 required. Please run 'cdk bootstrap' with a recent version of the CDK CLI.",
        },
      ],
    },
  },
}
`;
